[Zend Modules]


C:\Users\Utilisateur\PhpstormProjects\hide\PHP\PHP-Symfony4\myproject>php bin/console doctrine:database:create
Created database `projetSymfo` for connection named default

C:\Users\Utilisateur\PhpstormProjects\hide\PHP\PHP-Symfony4\myproject>php bin/console make:entity

 Class name of the entity to create or update (e.g. GrumpyJellybean):
 > Article

 created: src/Entity/Article.php
 created: src/Repository/ArticleRepository.php

 Entity generated! Now let's add some fields!
 You can always add more fields later manually or by re-running this command.

 New property name (press <return> to stop adding fields):
 > Titre string 255



 [ERROR] "Titre string 255" is not a valid PHP property name.


 New property name (press <return> to stop adding fields):
 > Titre

 Field type (enter ? to see all types) [string]:
 > 255

Main types
  * string
  * text
  * boolean
  * integer (or smallint, bigint)
  * float

Relationships / Associations
  * relation (a wizard will help you build the relation)
  * ManyToOne
  * OneToMany
  * ManyToMany
  * OneToOne

Array/Object Types
  * array (or simple_array)
  * json
  * object
  * binary
  * blob

Date/Time Types
  * datetime (or datetime_immutable)
  * datetimetz (or datetimetz_immutable)
  * date (or date_immutable)
  * time (or time_immutable)
  * dateinterval

Other Types
  * decimal
  * guid
  * json_array


 [ERROR] Invalid type "255".



 Field type (enter ? to see all types) [string]:
 > [255]

Main types
  * string
  * text
  * boolean
  * integer (or smallint, bigint)
  * float

Relationships / Associations
  * relation (a wizard will help you build the relation)
  * ManyToOne
  * OneToMany
  * ManyToMany
  * OneToOne

Array/Object Types
  * array (or simple_array)
  * json
  * object
  * binary
  * blob

Date/Time Types
  * datetime (or datetime_immutable)
  * datetimetz (or datetimetz_immutable)
  * date (or date_immutable)
  * time (or time_immutable)
  * dateinterval

Other Types
  * decimal
  * guid
  * json_array


 [ERROR] Invalid type "[255]".



 Field type (enter ? to see all types) [string]:
 >

 Field length [255]:
 >

 Can this field be null in the database (nullable) (yes/no) [no]:
 >

 updated: src/Entity/Article.php

 Add another property? Enter the property name (or press <return> to stop adding fields):
 > Contenu

 Field type (enter ? to see all types) [string]:
 > text

 Can this field be null in the database (nullable) (yes/no) [no]:
 >

 updated: src/Entity/Article.php

 Add another property? Enter the property name (or press <return> to stop adding fields):
 >



  Success!


 Next: When you're ready, create a migration with php bin/console make:migration


C:\Users\Utilisateur\PhpstormProjects\hide\PHP\PHP-Symfony4\myproject>php bin/console make:migratio


  Success!


 Next: Review the new migration "src/Migrations/Version20200407102715.php"
 Then: Run the migration with php bin/console doctrine:migrations:migrate
 See https://symfony.com/doc/current/bundles/DoctrineMigrationsBundle/index.html

C:\Users\Utilisateur\PhpstormProjects\hide\PHP\PHP-Symfony4\myproject>php bin/console doctinephp bin/console doctrine:migrations:migrate


  Command "doctinephp" is not defined.


2020-04-07T10:27:54+00:00 [info] User Deprecated: Using the WebserverBundle is deprecated since Symfony 4.4. The new Symfony local server has more features, you can use it instead.

C:\Users\Utilisateur\PhpstormProjects\hide\PHP\PHP-Symfony4\myproject>php bin/console doctrine:migrations:migrate

                    Application Migrations


WARNING! You are about to execute a database migration that could result in schema changes and data loss. Are you sure you wish to continue? (y/n)y
Migrating up to 20200407102715 from 0

  ++ migrating 20200407102715

     -> CREATE TABLE article (id INT AUTO_INCREMENT NOT NULL, titre VARCHAR(255) NOT NULL, contenu LONGTEXT NOT NULL, PRIMARY KEY(id)) DEFAULT CHARACTER SET utf8mb4 COLLATE `utf8mb4_unicode_ci` ENGINE = InnoDB

  ++ migrated (took 693.2ms, used 14M memory)

  ------------------------

  ++ finished in 764.6ms
  ++ used 14M memory
  ++ 1 migrations executed
  ++ 1 sql queries

C:\Users\Utilisateur\PhpstormProjects\hide\PHP\PHP-Symfony4\myproject>